// Jest Snapshot v1, https://goo.gl/fbAQLP

exports[`Sidebar Organism 스냅샷 테스트 기본 사이드바 스냅샷이 일치한다 1`] = `
<aside
  aria-label="주 네비게이션"
  class="sidebar"
  role="navigation"
>
  <nav
    class="sidebar__nav"
  >
    <ul
      class="sidebar__list"
      role="menubar"
    >
      <li
        aria-disabled="false"
        aria-label="홈"
        class="navItem"
        role="menuitem"
        tabindex="0"
      >
        <div
          class="navItem__content"
        >
          <div
            class="navItem__icon"
          >
            <img
              alt=""
              aria-hidden="true"
              class="navItem__iconImage"
              src="/images/Cms/h_l_b.svg"
            />
          </div>
          <span
            class="navItem__label"
          >
            홈
          </span>
        </div>
      </li>
      <li
        aria-disabled="false"
        aria-label="전체 일정"
        class="navItem"
        role="menuitem"
        tabindex="0"
      >
        <div
          class="navItem__content"
        >
          <div
            class="navItem__icon"
          >
            <img
              alt=""
              aria-hidden="true"
              class="navItem__iconImage"
              src="/images/Cms/c_l_b.svg"
            />
          </div>
          <span
            class="navItem__label"
          >
            전체 일정
          </span>
        </div>
      </li>
      <li
        aria-disabled="false"
        aria-label="프로젝트 관리 메뉴"
        class="navItem navItem--hasSubmenu"
        role="menuitem"
        tabindex="0"
      >
        <div
          class="navItem__content"
        >
          <div
            class="navItem__icon"
          >
            <img
              alt=""
              aria-hidden="true"
              class="navItem__iconImage"
              src="/images/Cms/p_l_b.svg"
            />
          </div>
          <span
            class="navItem__label"
          >
            프로젝트 관리
          </span>
          <span
            aria-label="3개의 알림"
            class="badge badge--default badge--sm navItem__badge"
          >
            <span
              aria-hidden="true"
              class="badge__content"
            >
              3
            </span>
          </span>
          <span
            aria-hidden="true"
            class="navItem__arrow"
          >
            ▶
          </span>
        </div>
      </li>
      <li
        aria-disabled="false"
        aria-label="영상 피드백 메뉴"
        class="navItem navItem--hasSubmenu"
        role="menuitem"
        tabindex="0"
      >
        <div
          class="navItem__content"
        >
          <div
            class="navItem__icon"
          >
            <img
              alt=""
              aria-hidden="true"
              class="navItem__iconImage"
              src="/images/Cms/f_l_b.svg"
            />
          </div>
          <span
            class="navItem__label"
          >
            영상 피드백
          </span>
          <span
            aria-hidden="true"
            class="navItem__arrow"
          >
            ▶
          </span>
        </div>
      </li>
      <li
        aria-disabled="false"
        aria-label="콘텐츠"
        class="navItem"
        role="menuitem"
        tabindex="0"
      >
        <div
          class="navItem__content"
        >
          <div
            class="navItem__icon"
          >
            <img
              alt=""
              aria-hidden="true"
              class="navItem__iconImage"
              src="/images/Cms/oc_l_b.svg"
            />
          </div>
          <span
            class="navItem__label"
          >
            콘텐츠
          </span>
        </div>
      </li>
    </ul>
  </nav>
  <button
    aria-label="로그아웃"
    class="sidebar__logout"
    type="button"
  >
    로그아웃
  </button>
</aside>
`;

exports[`Sidebar Organism 스냅샷 테스트 반응형 스냅샷 renders correctly on desktop (1280px) 1`] = `
<aside
  aria-label="주 네비게이션"
  class="sidebar"
  role="navigation"
>
  <nav
    class="sidebar__nav"
  >
    <ul
      class="sidebar__list"
      role="menubar"
    >
      <li
        aria-disabled="false"
        aria-label="홈"
        class="navItem"
        role="menuitem"
        tabindex="0"
      >
        <div
          class="navItem__content"
        >
          <div
            class="navItem__icon"
          >
            <img
              alt=""
              aria-hidden="true"
              class="navItem__iconImage"
              src="/images/Cms/h_l_b.svg"
            />
          </div>
          <span
            class="navItem__label"
          >
            홈
          </span>
        </div>
      </li>
      <li
        aria-disabled="false"
        aria-label="전체 일정"
        class="navItem"
        role="menuitem"
        tabindex="0"
      >
        <div
          class="navItem__content"
        >
          <div
            class="navItem__icon"
          >
            <img
              alt=""
              aria-hidden="true"
              class="navItem__iconImage"
              src="/images/Cms/c_l_b.svg"
            />
          </div>
          <span
            class="navItem__label"
          >
            전체 일정
          </span>
        </div>
      </li>
      <li
        aria-disabled="false"
        aria-label="프로젝트 관리 메뉴"
        class="navItem navItem--hasSubmenu"
        role="menuitem"
        tabindex="0"
      >
        <div
          class="navItem__content"
        >
          <div
            class="navItem__icon"
          >
            <img
              alt=""
              aria-hidden="true"
              class="navItem__iconImage"
              src="/images/Cms/p_l_b.svg"
            />
          </div>
          <span
            class="navItem__label"
          >
            프로젝트 관리
          </span>
          <span
            aria-label="3개의 알림"
            class="badge badge--default badge--sm navItem__badge"
          >
            <span
              aria-hidden="true"
              class="badge__content"
            >
              3
            </span>
          </span>
          <span
            aria-hidden="true"
            class="navItem__arrow"
          >
            ▶
          </span>
        </div>
      </li>
      <li
        aria-disabled="false"
        aria-label="영상 피드백 메뉴"
        class="navItem navItem--hasSubmenu"
        role="menuitem"
        tabindex="0"
      >
        <div
          class="navItem__content"
        >
          <div
            class="navItem__icon"
          >
            <img
              alt=""
              aria-hidden="true"
              class="navItem__iconImage"
              src="/images/Cms/f_l_b.svg"
            />
          </div>
          <span
            class="navItem__label"
          >
            영상 피드백
          </span>
          <span
            aria-hidden="true"
            class="navItem__arrow"
          >
            ▶
          </span>
        </div>
      </li>
      <li
        aria-disabled="false"
        aria-label="콘텐츠"
        class="navItem"
        role="menuitem"
        tabindex="0"
      >
        <div
          class="navItem__content"
        >
          <div
            class="navItem__icon"
          >
            <img
              alt=""
              aria-hidden="true"
              class="navItem__iconImage"
              src="/images/Cms/oc_l_b.svg"
            />
          </div>
          <span
            class="navItem__label"
          >
            콘텐츠
          </span>
        </div>
      </li>
    </ul>
  </nav>
  <button
    aria-label="로그아웃"
    class="sidebar__logout"
    type="button"
  >
    로그아웃
  </button>
</aside>
`;

exports[`Sidebar Organism 스냅샷 테스트 반응형 스냅샷 renders correctly on mobile (375px) 1`] = `
<aside
  aria-label="주 네비게이션"
  class="sidebar"
  role="navigation"
>
  <nav
    class="sidebar__nav"
  >
    <ul
      class="sidebar__list"
      role="menubar"
    >
      <li
        aria-disabled="false"
        aria-label="홈"
        class="navItem"
        role="menuitem"
        tabindex="0"
      >
        <div
          class="navItem__content"
        >
          <div
            class="navItem__icon"
          >
            <img
              alt=""
              aria-hidden="true"
              class="navItem__iconImage"
              src="/images/Cms/h_l_b.svg"
            />
          </div>
          <span
            class="navItem__label"
          >
            홈
          </span>
        </div>
      </li>
      <li
        aria-disabled="false"
        aria-label="전체 일정"
        class="navItem"
        role="menuitem"
        tabindex="0"
      >
        <div
          class="navItem__content"
        >
          <div
            class="navItem__icon"
          >
            <img
              alt=""
              aria-hidden="true"
              class="navItem__iconImage"
              src="/images/Cms/c_l_b.svg"
            />
          </div>
          <span
            class="navItem__label"
          >
            전체 일정
          </span>
        </div>
      </li>
      <li
        aria-disabled="false"
        aria-label="프로젝트 관리 메뉴"
        class="navItem navItem--hasSubmenu"
        role="menuitem"
        tabindex="0"
      >
        <div
          class="navItem__content"
        >
          <div
            class="navItem__icon"
          >
            <img
              alt=""
              aria-hidden="true"
              class="navItem__iconImage"
              src="/images/Cms/p_l_b.svg"
            />
          </div>
          <span
            class="navItem__label"
          >
            프로젝트 관리
          </span>
          <span
            aria-label="3개의 알림"
            class="badge badge--default badge--sm navItem__badge"
          >
            <span
              aria-hidden="true"
              class="badge__content"
            >
              3
            </span>
          </span>
          <span
            aria-hidden="true"
            class="navItem__arrow"
          >
            ▶
          </span>
        </div>
      </li>
      <li
        aria-disabled="false"
        aria-label="영상 피드백 메뉴"
        class="navItem navItem--hasSubmenu"
        role="menuitem"
        tabindex="0"
      >
        <div
          class="navItem__content"
        >
          <div
            class="navItem__icon"
          >
            <img
              alt=""
              aria-hidden="true"
              class="navItem__iconImage"
              src="/images/Cms/f_l_b.svg"
            />
          </div>
          <span
            class="navItem__label"
          >
            영상 피드백
          </span>
          <span
            aria-hidden="true"
            class="navItem__arrow"
          >
            ▶
          </span>
        </div>
      </li>
      <li
        aria-disabled="false"
        aria-label="콘텐츠"
        class="navItem"
        role="menuitem"
        tabindex="0"
      >
        <div
          class="navItem__content"
        >
          <div
            class="navItem__icon"
          >
            <img
              alt=""
              aria-hidden="true"
              class="navItem__iconImage"
              src="/images/Cms/oc_l_b.svg"
            />
          </div>
          <span
            class="navItem__label"
          >
            콘텐츠
          </span>
        </div>
      </li>
    </ul>
  </nav>
  <button
    aria-label="로그아웃"
    class="sidebar__logout"
    type="button"
  >
    로그아웃
  </button>
</aside>
`;

exports[`Sidebar Organism 스냅샷 테스트 반응형 스냅샷 renders correctly on tablet (768px) 1`] = `
<aside
  aria-label="주 네비게이션"
  class="sidebar"
  role="navigation"
>
  <nav
    class="sidebar__nav"
  >
    <ul
      class="sidebar__list"
      role="menubar"
    >
      <li
        aria-disabled="false"
        aria-label="홈"
        class="navItem"
        role="menuitem"
        tabindex="0"
      >
        <div
          class="navItem__content"
        >
          <div
            class="navItem__icon"
          >
            <img
              alt=""
              aria-hidden="true"
              class="navItem__iconImage"
              src="/images/Cms/h_l_b.svg"
            />
          </div>
          <span
            class="navItem__label"
          >
            홈
          </span>
        </div>
      </li>
      <li
        aria-disabled="false"
        aria-label="전체 일정"
        class="navItem"
        role="menuitem"
        tabindex="0"
      >
        <div
          class="navItem__content"
        >
          <div
            class="navItem__icon"
          >
            <img
              alt=""
              aria-hidden="true"
              class="navItem__iconImage"
              src="/images/Cms/c_l_b.svg"
            />
          </div>
          <span
            class="navItem__label"
          >
            전체 일정
          </span>
        </div>
      </li>
      <li
        aria-disabled="false"
        aria-label="프로젝트 관리 메뉴"
        class="navItem navItem--hasSubmenu"
        role="menuitem"
        tabindex="0"
      >
        <div
          class="navItem__content"
        >
          <div
            class="navItem__icon"
          >
            <img
              alt=""
              aria-hidden="true"
              class="navItem__iconImage"
              src="/images/Cms/p_l_b.svg"
            />
          </div>
          <span
            class="navItem__label"
          >
            프로젝트 관리
          </span>
          <span
            aria-label="3개의 알림"
            class="badge badge--default badge--sm navItem__badge"
          >
            <span
              aria-hidden="true"
              class="badge__content"
            >
              3
            </span>
          </span>
          <span
            aria-hidden="true"
            class="navItem__arrow"
          >
            ▶
          </span>
        </div>
      </li>
      <li
        aria-disabled="false"
        aria-label="영상 피드백 메뉴"
        class="navItem navItem--hasSubmenu"
        role="menuitem"
        tabindex="0"
      >
        <div
          class="navItem__content"
        >
          <div
            class="navItem__icon"
          >
            <img
              alt=""
              aria-hidden="true"
              class="navItem__iconImage"
              src="/images/Cms/f_l_b.svg"
            />
          </div>
          <span
            class="navItem__label"
          >
            영상 피드백
          </span>
          <span
            aria-hidden="true"
            class="navItem__arrow"
          >
            ▶
          </span>
        </div>
      </li>
      <li
        aria-disabled="false"
        aria-label="콘텐츠"
        class="navItem"
        role="menuitem"
        tabindex="0"
      >
        <div
          class="navItem__content"
        >
          <div
            class="navItem__icon"
          >
            <img
              alt=""
              aria-hidden="true"
              class="navItem__iconImage"
              src="/images/Cms/oc_l_b.svg"
            />
          </div>
          <span
            class="navItem__label"
          >
            콘텐츠
          </span>
        </div>
      </li>
    </ul>
  </nav>
  <button
    aria-label="로그아웃"
    class="sidebar__logout"
    type="button"
  >
    로그아웃
  </button>
</aside>
`;

exports[`Sidebar Organism 스냅샷 테스트 서브메뉴가 열린 상태 스냅샷이 일치한다 1`] = `
<aside
  aria-label="주 네비게이션"
  class="sidebar"
  role="navigation"
>
  <nav
    class="sidebar__nav"
  >
    <ul
      class="sidebar__list"
      role="menubar"
    >
      <li
        aria-disabled="false"
        aria-label="홈"
        class="navItem"
        role="menuitem"
        tabindex="0"
      >
        <div
          class="navItem__content"
        >
          <div
            class="navItem__icon"
          >
            <img
              alt=""
              aria-hidden="true"
              class="navItem__iconImage"
              src="/images/Cms/h_l_b.svg"
            />
          </div>
          <span
            class="navItem__label"
          >
            홈
          </span>
        </div>
      </li>
      <li
        aria-disabled="false"
        aria-label="전체 일정"
        class="navItem"
        role="menuitem"
        tabindex="0"
      >
        <div
          class="navItem__content"
        >
          <div
            class="navItem__icon"
          >
            <img
              alt=""
              aria-hidden="true"
              class="navItem__iconImage"
              src="/images/Cms/c_l_b.svg"
            />
          </div>
          <span
            class="navItem__label"
          >
            전체 일정
          </span>
        </div>
      </li>
      <li
        aria-disabled="false"
        aria-label="프로젝트 관리 메뉴"
        class="navItem navItem--active navItem--hasSubmenu"
        role="menuitem"
        tabindex="0"
      >
        <div
          class="navItem__content"
        >
          <div
            class="navItem__icon"
          >
            <img
              alt=""
              aria-hidden="true"
              class="navItem__iconImage"
              src="/images/Cms/p_l_w.svg"
            />
          </div>
          <span
            class="navItem__label"
          >
            프로젝트 관리
          </span>
          <span
            aria-label="3개의 알림"
            class="badge badge--default badge--sm navItem__badge"
          >
            <span
              aria-hidden="true"
              class="badge__content"
            >
              3
            </span>
          </span>
          <span
            aria-hidden="true"
            class="navItem__arrow"
          >
            ▶
          </span>
        </div>
      </li>
      <li
        aria-disabled="false"
        aria-label="영상 피드백 메뉴"
        class="navItem navItem--hasSubmenu"
        role="menuitem"
        tabindex="0"
      >
        <div
          class="navItem__content"
        >
          <div
            class="navItem__icon"
          >
            <img
              alt=""
              aria-hidden="true"
              class="navItem__iconImage"
              src="/images/Cms/f_l_b.svg"
            />
          </div>
          <span
            class="navItem__label"
          >
            영상 피드백
          </span>
          <span
            aria-hidden="true"
            class="navItem__arrow"
          >
            ▶
          </span>
        </div>
      </li>
      <li
        aria-disabled="false"
        aria-label="콘텐츠"
        class="navItem"
        role="menuitem"
        tabindex="0"
      >
        <div
          class="navItem__content"
        >
          <div
            class="navItem__icon"
          >
            <img
              alt=""
              aria-hidden="true"
              class="navItem__iconImage"
              src="/images/Cms/oc_l_b.svg"
            />
          </div>
          <span
            class="navItem__label"
          >
            콘텐츠
          </span>
        </div>
      </li>
    </ul>
  </nav>
  <button
    aria-label="로그아웃"
    class="sidebar__logout"
    type="button"
  >
    로그아웃
  </button>
</aside>
`;

exports[`Sidebar Organism 스냅샷 테스트 축소된 상태 스냅샷이 일치한다 1`] = `
<aside
  aria-label="주 네비게이션"
  class="sidebar sidebar--collapsed"
  role="navigation"
>
  <nav
    class="sidebar__nav"
  >
    <ul
      class="sidebar__list"
      role="menubar"
    >
      <li
        aria-disabled="false"
        aria-label="홈"
        class="navItem"
        role="menuitem"
        tabindex="0"
      >
        <div
          class="navItem__content"
        >
          <div
            class="navItem__icon"
          >
            <img
              alt=""
              aria-hidden="true"
              class="navItem__iconImage"
              src="/images/Cms/h_l_b.svg"
            />
          </div>
          <span
            class="navItem__label"
          >
            홈
          </span>
        </div>
      </li>
      <li
        aria-disabled="false"
        aria-label="전체 일정"
        class="navItem"
        role="menuitem"
        tabindex="0"
      >
        <div
          class="navItem__content"
        >
          <div
            class="navItem__icon"
          >
            <img
              alt=""
              aria-hidden="true"
              class="navItem__iconImage"
              src="/images/Cms/c_l_b.svg"
            />
          </div>
          <span
            class="navItem__label"
          >
            전체 일정
          </span>
        </div>
      </li>
      <li
        aria-disabled="false"
        aria-label="프로젝트 관리 메뉴"
        class="navItem navItem--hasSubmenu"
        role="menuitem"
        tabindex="0"
      >
        <div
          class="navItem__content"
        >
          <div
            class="navItem__icon"
          >
            <img
              alt=""
              aria-hidden="true"
              class="navItem__iconImage"
              src="/images/Cms/p_l_b.svg"
            />
          </div>
          <span
            class="navItem__label"
          >
            프로젝트 관리
          </span>
          <span
            aria-label="3개의 알림"
            class="badge badge--default badge--sm navItem__badge"
          >
            <span
              aria-hidden="true"
              class="badge__content"
            >
              3
            </span>
          </span>
          <span
            aria-hidden="true"
            class="navItem__arrow"
          >
            ▶
          </span>
        </div>
      </li>
      <li
        aria-disabled="false"
        aria-label="영상 피드백 메뉴"
        class="navItem navItem--hasSubmenu"
        role="menuitem"
        tabindex="0"
      >
        <div
          class="navItem__content"
        >
          <div
            class="navItem__icon"
          >
            <img
              alt=""
              aria-hidden="true"
              class="navItem__iconImage"
              src="/images/Cms/f_l_b.svg"
            />
          </div>
          <span
            class="navItem__label"
          >
            영상 피드백
          </span>
          <span
            aria-hidden="true"
            class="navItem__arrow"
          >
            ▶
          </span>
        </div>
      </li>
      <li
        aria-disabled="false"
        aria-label="콘텐츠"
        class="navItem"
        role="menuitem"
        tabindex="0"
      >
        <div
          class="navItem__content"
        >
          <div
            class="navItem__icon"
          >
            <img
              alt=""
              aria-hidden="true"
              class="navItem__iconImage"
              src="/images/Cms/oc_l_b.svg"
            />
          </div>
          <span
            class="navItem__label"
          >
            콘텐츠
          </span>
        </div>
      </li>
    </ul>
  </nav>
  <button
    aria-label="로그아웃"
    class="sidebar__logout"
    type="button"
  >
    로그아웃
  </button>
</aside>
`;

exports[`Sidebar Organism 스냅샷 테스트 프로젝트가 없는 상태 스냅샷이 일치한다 1`] = `
<aside
  aria-label="주 네비게이션"
  class="sidebar"
  role="navigation"
>
  <nav
    class="sidebar__nav"
  >
    <ul
      class="sidebar__list"
      role="menubar"
    >
      <li
        aria-disabled="false"
        aria-label="홈"
        class="navItem"
        role="menuitem"
        tabindex="0"
      >
        <div
          class="navItem__content"
        >
          <div
            class="navItem__icon"
          >
            <img
              alt=""
              aria-hidden="true"
              class="navItem__iconImage"
              src="/images/Cms/h_l_b.svg"
            />
          </div>
          <span
            class="navItem__label"
          >
            홈
          </span>
        </div>
      </li>
      <li
        aria-disabled="false"
        aria-label="전체 일정"
        class="navItem"
        role="menuitem"
        tabindex="0"
      >
        <div
          class="navItem__content"
        >
          <div
            class="navItem__icon"
          >
            <img
              alt=""
              aria-hidden="true"
              class="navItem__iconImage"
              src="/images/Cms/c_l_b.svg"
            />
          </div>
          <span
            class="navItem__label"
          >
            전체 일정
          </span>
        </div>
      </li>
      <li
        aria-disabled="false"
        aria-label="프로젝트 관리 메뉴"
        class="navItem navItem--active navItem--hasSubmenu"
        role="menuitem"
        tabindex="0"
      >
        <div
          class="navItem__content"
        >
          <div
            class="navItem__icon"
          >
            <img
              alt=""
              aria-hidden="true"
              class="navItem__iconImage"
              src="/images/Cms/p_l_w.svg"
            />
          </div>
          <span
            class="navItem__label"
          >
            프로젝트 관리
          </span>
          <span
            aria-hidden="true"
            class="navItem__arrow"
          >
            ▶
          </span>
        </div>
      </li>
      <li
        aria-disabled="false"
        aria-label="영상 피드백 메뉴"
        class="navItem navItem--hasSubmenu"
        role="menuitem"
        tabindex="0"
      >
        <div
          class="navItem__content"
        >
          <div
            class="navItem__icon"
          >
            <img
              alt=""
              aria-hidden="true"
              class="navItem__iconImage"
              src="/images/Cms/f_l_b.svg"
            />
          </div>
          <span
            class="navItem__label"
          >
            영상 피드백
          </span>
          <span
            aria-hidden="true"
            class="navItem__arrow"
          >
            ▶
          </span>
        </div>
      </li>
      <li
        aria-disabled="false"
        aria-label="콘텐츠"
        class="navItem"
        role="menuitem"
        tabindex="0"
      >
        <div
          class="navItem__content"
        >
          <div
            class="navItem__icon"
          >
            <img
              alt=""
              aria-hidden="true"
              class="navItem__iconImage"
              src="/images/Cms/oc_l_b.svg"
            />
          </div>
          <span
            class="navItem__label"
          >
            콘텐츠
          </span>
        </div>
      </li>
    </ul>
  </nav>
  <button
    aria-label="로그아웃"
    class="sidebar__logout"
    type="button"
  >
    로그아웃
  </button>
</aside>
`;
